JSCompiler_StaticMethods_assoc_BANG_:lf
JSCompiler_StaticMethods_cljs$core$ITransientVector$_assoc_n_BANG_$arity$3:ve
JSCompiler_StaticMethods_currentval:Nd
JSCompiler_StaticMethods_divide:wa
JSCompiler_StaticMethods_forceChunk:Af
JSCompiler_StaticMethods_getBits:qa
JSCompiler_StaticMethods_isZero:sa
JSCompiler_StaticMethods_negate:la
JSCompiler_StaticMethods_shiftRight:xa
JSCompiler_StaticMethods_sval:Xc
JSCompiler_StaticMethods_toNumber:pa
JSCompiler_prototypeAlias:f
L 0:a
L 1:b
L 10:n
L 11:p
L 12:q
L 13:u
L 14:w
L 15:z
L 16:E
L 17:S
L 18:ca
L 19:ea
L 2:c
L 20:Aa
L 21:Ta
L 22:ra
L 23:r
L 24:C
L 25:D
L 26:G
L 27:I
L 28:J
L 29:M
L 3:d
L 30:N
L 31:O
L 32:T
L 33:W
L 34:ba
L 35:ha
L 36:ja
L 37:na
L 38:ta
L 39:ya
L 4:e
L 40:Ea
L 41:Ra
L 42:lb
L 43:Ob
L 44:ue
L 45:xj
L 46:Gh
L 47:Lj
L 48:Mj
L 49:jd
L 5:g
L 50:Nj
L 51:Oj
L 52:Ie
L 53:Pj
L 54:Qj
L 55:Rj
L 56:kd
L 57:ld
L 58:Hh
L 59:Ih
L 6:h
L 60:Gf
L 61:If
L 62:md
L 63:Qb
L 64:Hf
L 65:Pd
L 66:Je
L 67:yj
L 68:Jh
L 7:k
L 8:l
L 9:m
cljs:wd
cljs$core:xd
cljs$core$ArrayChunk:Zc
cljs$core$ArrayIter:Oh
cljs$core$ArrayNode:Te
cljs$core$ArrayNodeIterator:Se
cljs$core$ArrayNodeSeq:df
cljs$core$BitmapIndexedNode:Re
cljs$core$BitmapIndexedNode$EMPTY:Ze
cljs$core$Box:Le
cljs$core$ChunkBuffer:Yc
cljs$core$ChunkedCons:$c
cljs$core$ChunkedSeq:me
cljs$core$Cons:Vc
cljs$core$Cycle:Md
cljs$core$EMPTY:Gd
cljs$core$ES6EntriesIterator:ze
cljs$core$ES6Iterator:Lb
cljs$core$ES6SetEntriesIterator:Ae
cljs$core$Empty:Fd
cljs$core$EmptyList:Uc
cljs$core$HashCollisionNode:Ve
cljs$core$HashMapIter:hf
cljs$core$HashSetIter:sf
cljs$core$ICollection:Yh
cljs$core$IComparable:pb
cljs$core$ICounted:$a
cljs$core$IEmptyableCollection:Xh
cljs$core$IEncodeClojure:zi
cljs$core$IEncodeJS:Ej
cljs$core$IIndexed:ab
cljs$core$IIterable:qb
cljs$core$IKVReduce:ib
cljs$core$IList:mb
cljs$core$ILookup:cb
cljs$core$IMap:db
cljs$core$IMeta:gb
cljs$core$INIT:Ph
cljs$core$INext:bb
cljs$core$IPrintWithWriter:ob
cljs$core$IRecord:nb
cljs$core$IReduce:hb
cljs$core$IReversible:sg
cljs$core$ISeq:Zh
cljs$core$ISeqable:jb
cljs$core$ISequential:kb
cljs$core$ISet:eb
cljs$core$ITER_SYMBOL:bg
cljs$core$IVector:fb
cljs$core$IndexedSeq:A
cljs$core$IndexedSeqIterator:fc
cljs$core$KeySeq:mf
cljs$core$Keyword:V
cljs$core$LazySeq:Wc
cljs$core$List:Tc
cljs$core$List$EMPTY:Ib
cljs$core$Many:Dd
cljs$core$MapEntry:Ce
cljs$core$MetaFn:kc
cljs$core$NONE:Hd
cljs$core$NeverEquiv:we
cljs$core$NodeIterator:Qe
cljs$core$NodeSeq:$e
cljs$core$PROTOCOL_SENTINEL:y
cljs$core$PersistentArrayMap:Ja
cljs$core$PersistentArrayMap$EMPTY:Bd
cljs$core$PersistentArrayMap$HASHMAP_THRESHOLD:ng
cljs$core$PersistentArrayMap$createAsIfByAssoc:Fe
cljs$core$PersistentArrayMapIterator:Ee
cljs$core$PersistentArrayMapSeq:De
cljs$core$PersistentHashMap:jf
cljs$core$PersistentHashMap$EMPTY:He
cljs$core$PersistentHashMap$fromArrays:tg
cljs$core$PersistentHashSet:tf
cljs$core$PersistentHashSet$EMPTY:og
cljs$core$PersistentVector:X
cljs$core$PersistentVector$EMPTY:ke
cljs$core$PersistentVector$EMPTY_NODE:Y
cljs$core$PersistentVector$fromArray:ge
cljs$core$RSeq:hc
cljs$core$Range:zf
cljs$core$RangeChunk:xf
cljs$core$RangeIterator:yf
cljs$core$RangedIterator:ce
cljs$core$Reduced:Rb
cljs$core$Repeat:Od
cljs$core$START:vj
cljs$core$SeqIter:Qh
cljs$core$Single:Ed
cljs$core$StringBufferWriter:rb
cljs$core$StringIter:Nh
cljs$core$Symbol:Eb
cljs$core$TransformerIterator:Id
cljs$core$TransientArrayMap:Ge
cljs$core$TransientHashMap:kf
cljs$core$TransientHashSet:uf
cljs$core$TransientVector:te
cljs$core$ValSeq:pf
cljs$core$VectorNode:Wd
cljs$core$Volatile:Ld
cljs$core$_:Bg
cljs$core$_EQ_:cc
cljs$core$_PLUS_:Ei
cljs$core$_SLASH_:dj
cljs$core$_STAR_:Ah
cljs$core$_STAR_eval_STAR_:qg
cljs$core$_STAR_loaded_libs_STAR_:ag
cljs$core$_STAR_print_err_fn_STAR_:Sa
cljs$core$_STAR_print_fn_STAR_:Qa
cljs$core$_STAR_print_level_STAR_:Bf
cljs$core$_as_transient:Sd
cljs$core$_assoc:dg
cljs$core$_assoc_BANG_:dd
cljs$core$_chunked_first:Ef
cljs$core$_chunked_rest:Ff
cljs$core$_clj__GT_js:Fj
cljs$core$_compare:Ac
cljs$core$_conj:Td
cljs$core$_conj_BANG_:Rd
cljs$core$_count:Vb
cljs$core$_deref:Tb
cljs$core$_drop_first:gg
cljs$core$_empty:ai
cljs$core$_equiv:fg
cljs$core$_find:eg
cljs$core$_first:F
cljs$core$_hash:Bb
cljs$core$_indexOf$cljs$0core$0IFn$0_invoke$0arity$03:Q
cljs$core$_iterator:Ic
cljs$core$_js__GT_clj:Bi
cljs$core$_key:of
cljs$core$_kv_reduce:Nc
cljs$core$_lastIndexOf$cljs$0core$0IFn$0_invoke$0arity$03:R
cljs$core$_lookup:cg
cljs$core$_meta:nc
cljs$core$_name:vf
cljs$core$_namespace:hg
cljs$core$_next:Kb
cljs$core$_nth:Wb
cljs$core$_persistent_BANG_:Qd
cljs$core$_pop:ci
cljs$core$_pr_writer:Of
cljs$core$_reduce:Mc
cljs$core$_rest:Hb
cljs$core$_rseq:xg
cljs$core$_seq:Gb
cljs$core$_val:rf
cljs$core$_vreset_BANG_:zj
cljs$core$_with_meta:lc
cljs$core$_write:Ad
cljs$core$aclone:Za
cljs$core$apply:ud
cljs$core$apply$cljs$0core$0IFn$0_invoke$0arity$02:pd
cljs$core$apply$cljs$0core$0IFn$0_invoke$0arity$03:qd
cljs$core$apply$cljs$0core$0IFn$0_invoke$0arity$04:rd
cljs$core$apply$cljs$0core$0IFn$0_invoke$0arity$05:sd
cljs$core$apply$cljs$0core$0IFn$0_invoke$0arity$0variadic:td
cljs$core$apply_to:fd
cljs$core$apply_to_simple$cljs$0core$0IFn$0_invoke$0arity$03:id
cljs$core$apply_to_simple$cljs$0core$0IFn$0_invoke$0arity$04:hd
cljs$core$apply_to_simple$cljs$0core$0IFn$0_invoke$0arity$05:nd
cljs$core$apply_to_simple$cljs$0core$0IFn$0_invoke$0arity$06:od
cljs$core$array_QMARK_:Va
cljs$core$array__GT_transient_hash_map:Ke
cljs$core$array_copy:vc
cljs$core$array_for:be
cljs$core$array_index_of:Be
cljs$core$array_map:Ci
cljs$core$array_reduce$cljs$0core$0IFn$0_invoke$0arity$02:Yb
cljs$core$array_reduce$cljs$0core$0IFn$0_invoke$0arity$03:Zb
cljs$core$array_reduce$cljs$0core$0IFn$0_invoke$0arity$04:$b
cljs$core$assoc:Tf
cljs$core$assoc_BANG_$cljs$0core$0IFn$0_invoke$0arity$03:ed
cljs$core$bit_count:Rc
cljs$core$boolean$0:wc
cljs$core$bounded_count:cd
cljs$core$char_escapes:Kf
cljs$core$chunkIteratorSeq:wj
cljs$core$chunk_append:bd
cljs$core$chunk_cons:ad
cljs$core$chunked_seq:pe
cljs$core$chunked_seq$cljs$0core$0IFn$0_invoke$0arity$04:ne
cljs$core$chunked_seq$cljs$0core$0IFn$0_invoke$0arity$05:oe
cljs$core$chunked_seq_QMARK_:uc
cljs$core$ci_reduce$cljs$0core$0IFn$0_invoke$0arity$02:Xb
cljs$core$clj__GT_js:Gj
cljs$core$clone_and_set$cljs$0core$0IFn$0_invoke$0arity$03:Ne
cljs$core$coll_QMARK_:ei
cljs$core$comp:Cg
cljs$core$compare:Bc
cljs$core$compare_indexed$cljs$0core$0IFn$0_invoke$0arity$02:Cc
cljs$core$compare_keywords:Mh
cljs$core$compare_symbols:Lh
cljs$core$concat:xi
cljs$core$conj:Ud
cljs$core$conj_BANG_:fe
cljs$core$cons:U
cljs$core$contains_QMARK_:zc
cljs$core$count:P
cljs$core$counted_QMARK_:ac
cljs$core$create_array_node_seq:gf
cljs$core$create_array_node_seq$cljs$0core$0IFn$0_invoke$0arity$01:ef
cljs$core$create_array_node_seq$cljs$0core$0IFn$0_invoke$0arity$03:ff
cljs$core$create_inode_seq:cf
cljs$core$create_inode_seq$cljs$0core$0IFn$0_invoke$0arity$01:af
cljs$core$create_inode_seq$cljs$0core$0IFn$0_invoke$0arity$03:bf
cljs$core$create_node:Ye
cljs$core$create_node$cljs$0core$0IFn$0_invoke$0arity$06:We
cljs$core$create_node$cljs$0core$0IFn$0_invoke$0arity$07:Xe
cljs$core$cycle:ug
cljs$core$dec:gi
cljs$core$dedupe:Li
cljs$core$deref:Ub
cljs$core$distinct$cljs$0core$0IFn$0_invoke$0arity$01:vi
cljs$core$do_assoc:lg
cljs$core$doall$cljs$0core$0IFn$0_invoke$0arity$01:ii
cljs$core$drop$cljs$0core$0IFn$0_invoke$0arity$02:vg
cljs$core$edit_and_set$cljs$0core$0IFn$0_invoke$0arity$04:Oe
cljs$core$empty:bi
cljs$core$empty_ordered_hash:ig
cljs$core$empty_unordered_hash:jg
cljs$core$enable_console_print_BANG_:Ua
cljs$core$equiv_map:ye
cljs$core$equiv_sequential:Sc
cljs$core$es6_iterator:Mb
cljs$core$every_QMARK_:Jd
cljs$core$filter$cljs$0core$0IFn$0_invoke$0arity$02:ui
cljs$core$first:H
cljs$core$fn__GT_comparator:li
cljs$core$frequencies:ni
cljs$core$get:xc
cljs$core$hash:Cb
cljs$core$hash_collision_node_find_index:Ue
cljs$core$hash_combine:Db
cljs$core$hash_map:Bh
cljs$core$hash_ordered_coll:Nb
cljs$core$hash_string:Ab
cljs$core$hash_unordered_coll:Pb
cljs$core$identity:Pc
cljs$core$imul:tb
cljs$core$inc:$h
cljs$core$indexed_QMARK_:bc
cljs$core$inode_kv_reduce:Pe
cljs$core$into$cljs$0core$0IFn$0_invoke$0arity$02:Vd
cljs$core$into$cljs$0core$0IFn$0_invoke$0arity$03:wi
cljs$core$into_array$cljs$0core$0IFn$0_invoke$0arity$02:pi
cljs$core$iter:Th
cljs$core$iter_reduce$cljs$0core$0IFn$0_invoke$0arity$02:Jc
cljs$core$iter_reduce$cljs$0core$0IFn$0_invoke$0arity$03:Kc
cljs$core$iterable_QMARK_:Fb
cljs$core$js__GT_clj$cljs$0core$0IFn$0_invoke$0arity$0variadic:Di
cljs$core$key:ie
cljs$core$key_test:Me
cljs$core$keys:nf
cljs$core$keyword:Pf
cljs$core$last:qi
cljs$core$linear_traversal_nth$cljs$0core$0IFn$0_invoke$0arity$03:ic
cljs$core$list:hi
cljs$core$lookup_sentinel:yc
cljs$core$m3_fmix:wb
cljs$core$m3_hash_unencoded_chars:xb
cljs$core$m3_mix_H1:vb
cljs$core$m3_mix_K1:ub
cljs$core$map:Z
cljs$core$map_QMARK_:rc
cljs$core$map_entry_QMARK_:he
cljs$core$mapcat$cljs$0core$0IFn$0_invoke$0arity$0variadic:yi
cljs$core$mapv$cljs$0core$0IFn$0_invoke$0arity$02:oi
cljs$core$max:Ui
cljs$core$meta:oc
cljs$core$min:Vi
cljs$core$missing_protocol:Xa
cljs$core$name:wf
cljs$core$native_satisfies_QMARK_:v
cljs$core$never_equiv:xe
cljs$core$new_path:$d
cljs$core$next:K
cljs$core$next_STAR_:gd
cljs$core$nil_QMARK_:Wh
cljs$core$nil_iter:Cd
cljs$core$not:Kh
cljs$core$not_EQ_:ej
cljs$core$nth:ec
cljs$core$nth$cljs$0core$0IFn$0_invoke$0arity$02:dc
cljs$core$nth$cljs$0core$0IFn$0_invoke$0arity$03:jc
cljs$core$partial$cljs$0core$0IFn$0_invoke$0arity$02:ri
cljs$core$pop:di
cljs$core$pop_tail:uj
cljs$core$pr_opts:Pa
cljs$core$pr_sb_with_opts:Dj
cljs$core$pr_sequential_writer:Df
cljs$core$pr_str_STAR_:sb
cljs$core$pr_writer:Nf
cljs$core$pr_writer_impl:Rf
cljs$core$prim_seq$cljs$0core$0IFn$0_invoke$0arity$02:gc
cljs$core$print_map:Qf
cljs$core$print_meta_QMARK_:Mf
cljs$core$print_prefix_map:Vf
cljs$core$push_tail:kg
cljs$core$pv_clone_node:Yd
cljs$core$pv_fresh_node:Xd
cljs$core$pv_reduce$cljs$0core$0IFn$0_invoke$0arity$04:ee
cljs$core$pv_reduce$cljs$0core$0IFn$0_invoke$0arity$05:de
cljs$core$quot:Qc
cljs$core$quote_string:Lf
cljs$core$range$cljs$0core$0IFn$0_invoke$0arity$03:zh
cljs$core$record_QMARK_:sc
cljs$core$reduce:Hc
cljs$core$reduce$cljs$0core$0IFn$0_invoke$0arity$02:Lc
cljs$core$reduce$cljs$0core$0IFn$0_invoke$0arity$03:Gc
cljs$core$reduce_kv:Oc
cljs$core$reduced_QMARK_:Sb
cljs$core$reductions$cljs$0core$0IFn$0_invoke$0arity$02:ti
cljs$core$reductions$cljs$0core$0IFn$0_invoke$0arity$03:si
cljs$core$rest:Jb
cljs$core$reverse:yg
cljs$core$seq:B
cljs$core$seq_QMARK_:fi
cljs$core$seq_reduce:Fc
cljs$core$seq_reduce$cljs$0core$0IFn$0_invoke$0arity$02:Dc
cljs$core$seq_reduce$cljs$0core$0IFn$0_invoke$0arity$03:Ec
cljs$core$sequential_QMARK_:qc
cljs$core$set_QMARK_:pc
cljs$core$some:ji
cljs$core$sort$cljs$0core$0IFn$0_invoke$0arity$02:mi
cljs$core$sort_by$cljs$0core$0IFn$0_invoke$0arity$03:Cj
cljs$core$spread:vd
cljs$core$str:x
cljs$core$string_hash_cache:zb
cljs$core$string_hash_cache_count:yb
cljs$core$t_cljs$0core6662:yd
cljs$core$tail_off:Zd
cljs$core$take$cljs$0core$0IFn$0_invoke$0arity$02:wg
cljs$core$tapset:pg
cljs$core$to_array:ki
cljs$core$transduce$cljs$0core$0IFn$0_invoke$0arity$04:Rh
cljs$core$transformer_iterator:Sh
cljs$core$truth_:t
cljs$core$tv_editable_root:re
cljs$core$tv_editable_tail:se
cljs$core$tv_ensure_editable:qe
cljs$core$tv_push_tail:mg
cljs$core$type:Wa
cljs$core$type__GT_str:Ya
cljs$core$unchecked_array_for:ae
cljs$core$val:je
cljs$core$vals:qf
cljs$core$vec:le
cljs$core$vector:Ch
cljs$core$vector_QMARK_:tc
cljs$core$with_meta:mc
cljs$core$write_all$cljs$0core$0IFn$0_invoke$0arity$0variadic:Jf
cljs$cst$keyword$7sus2:Kg
cljs$cst$keyword$7sus4:Jg
cljs$cst$keyword$D7:eh
cljs$cst$keyword$M:ch
cljs$cst$keyword$M7:Ng
cljs$cst$keyword$M7sus2:Vg
cljs$cst$keyword$M7sus4:Wg
cljs$cst$keyword$Madd2:Mg
cljs$cst$keyword$aeolian:Eg
cljs$cst$keyword$alt_DASH_impl:Sf
cljs$cst$keyword$asc:wh
cljs$cst$keyword$augmented:Og
cljs$cst$keyword$circle:Hj
cljs$cst$keyword$cljs_DOT_core_SLASH_none:Kd
cljs$cst$keyword$cljs_DOT_core_SLASH_not_DASH_found:Yf
cljs$cst$keyword$color:qj
cljs$cst$keyword$d:fh
cljs$cst$keyword$d7:hh
cljs$cst$keyword$dM7:ph
cljs$cst$keyword$denominator:Eh
cljs$cst$keyword$desc:vh
cljs$cst$keyword$diatonic:Hg
cljs$cst$keyword$diminished:Yg
cljs$cst$keyword$diminished2:$g
cljs$cst$keyword$dissonance:rj
cljs$cst$keyword$dorian:dh
cljs$cst$keyword$dup:Na
cljs$cst$keyword$fallback_DASH_impl:Uf
cljs$cst$keyword$flush_DASH_on_DASH_newline:Ka
cljs$cst$keyword$gravity:sj
cljs$cst$keyword$harmonic_DASH_major:jh
cljs$cst$keyword$harmonic_DASH_minor:kh
cljs$cst$keyword$inversion:jj
cljs$cst$keyword$ionian:Ug
cljs$cst$keyword$keyword_DASH_fn:$f
cljs$cst$keyword$keywordize_DASH_keys:Zf
cljs$cst$keyword$locrian:Ig
cljs$cst$keyword$locrian_DASH_major:ih
cljs$cst$keyword$lydian:Gg
cljs$cst$keyword$lydian_DASH_minor:Fg
cljs$cst$keyword$m:gh
cljs$cst$keyword$m7:Sg
cljs$cst$keyword$m7_DASH_5:Xg
cljs$cst$keyword$mM7:lh
cljs$cst$keyword$madd2:Tg
cljs$cst$keyword$major:Rg
cljs$cst$keyword$melodic_DASH_major:nh
cljs$cst$keyword$melodic_DASH_minor:oh
cljs$cst$keyword$melodic_DASH_minor_DASH_asc:mh
cljs$cst$keyword$melodic_DASH_minor_DASH_desc:Dg
cljs$cst$keyword$meta:Ma
cljs$cst$keyword$minor:Qg
cljs$cst$keyword$mixolydian:Lg
cljs$cst$keyword$more_DASH_marker:Cf
cljs$cst$keyword$neapolitan_DASH_major:bh
cljs$cst$keyword$neapolitan_DASH_minor:ah
cljs$cst$keyword$notes:kj
cljs$cst$keyword$numerator:Dh
cljs$cst$keyword$phrygian:Pg
cljs$cst$keyword$pitches:lj
cljs$cst$keyword$print_DASH_length:Oa
cljs$cst$keyword$progression:Jj
cljs$cst$keyword$readably:La
cljs$cst$keyword$scale:hj
cljs$cst$keyword$sorted:Ij
cljs$cst$keyword$spiral:Kj
cljs$cst$keyword$super_DASH_locrian:Zg
cljs$cst$keyword$tonic:ij
cljs$cst$keyword$true:Ai
cljs$cst$keyword$type:mj
cljs$cst$keyword$val:Xf
cljs$cst$symbol$meta6663:zd
goog$UID_PROPERTY_:aa
goog$array$defaultCompare:Ha
goog$array$sort:Uh
goog$array$stableSort:Vh
goog$array$toArray:Ga
goog$math$Integer:da
goog$math$Integer$IntCache_:fa
goog$math$Integer$ONE:ua
goog$math$Integer$TWO_PWR_24_:za
goog$math$Integer$TWO_PWR_32_DBL_:oa
goog$math$Integer$ZERO:ka
goog$math$Integer$carry16_:va
goog$math$Integer$fromInt:ia
goog$math$Integer$fromNumber:ma
goog$object$getKeys:Fa
goog$string$StringBuffer:Ia
goog$typeOf:Da
goog$uidCounter_:Wf
ionian_sequence$jscomp$inline_619:Ba
scherz$brightness$base_circle:xh
scherz$brightness$chord_color:Wi
scherz$brightness$circle_of_fifths$cljs$0core$0IFn$0_invoke$0arity$02:Qi
scherz$brightness$fifths$cljs$0core$0IFn$0_invoke$0arity$02:Oi
scherz$brightness$pitch_brightness:Ti
scherz$brightness$pitch_chord:Si
scherz$brightness$pitch_indexes:yh
scherz$brightness$pitch_scale:Ri
scherz$brightness$scale_brightness:Pi
scherz$brightness$shift_pitch:Ni
scherz$dissonance$chord__GT_ratios:Xi
scherz$dissonance$chord_dissonance:aj
scherz$dissonance$freq_ratios:Fh
scherz$dissonance$lcm:Yi
scherz$dissonance$lcm_of_ratios:Zi
scherz$dissonance$prime_factors$cljs$0core$0IFn$0_invoke$0arity$02:$i
scherz$exports$generate:Ca
scherz$exports$scales:rg
scherz$generate$apply_scores:gj
scherz$generate$chord_set:nj
scherz$generate$filter_chords:oj
scherz$generate$generate_progression:Aj
scherz$generate$main:Bj
scherz$generate$next_chord:tj
scherz$generate$normalize_dissonance:pj
scherz$gravity$chord_gravity:fj
scherz$gravity$compress:bj
scherz$gravity$invert:cj
scherz$util$abs:zg
scherz$util$abs_diff:qh
scherz$util$avg:Fi
scherz$util$base_chord:Ii
scherz$util$chord_shapes:rh
scherz$util$chord_type:Gi
scherz$util$chord_types:uh
scherz$util$map_vals:Mi
scherz$util$max_by:Ki
scherz$util$min_by:Ji
scherz$util$pitch__GT_midi:Hi
scherz$util$rotate:Ag
scherz$util$scale_intervals:sh
